You have triggered an unhandledRejection, you may have forgotten to catch a Promise rejection:
Error: NG0205
    at mr (file:///var/www/frontend/tigayon/frontend/production/angular-shadcn/dist/shadcn-angular/server/chunk-F6WMWXA6.mjs:5:9170)
    at Jt.get (file:///var/www/frontend/tigayon/frontend/production/angular-shadcn/dist/shadcn-angular/server/chunk-F6WMWXA6.mjs:5:7036)
    at pu.get (file:///var/www/frontend/tigayon/frontend/production/angular-shadcn/dist/shadcn-angular/server/chunk-F6WMWXA6.mjs:31:6980)
    at eh (file:///var/www/frontend/tigayon/frontend/production/angular-shadcn/dist/shadcn-angular/server/chunk-F6WMWXA6.mjs:5:31345)
    at th (file:///var/www/frontend/tigayon/frontend/production/angular-shadcn/dist/shadcn-angular/server/chunk-F6WMWXA6.mjs:5:31549)
    at pn.get (file:///var/www/frontend/tigayon/frontend/production/angular-shadcn/dist/shadcn-angular/server/chunk-F6WMWXA6.mjs:5:33214)
    at Kg.createComponent (file:///var/www/frontend/tigayon/frontend/production/angular-shadcn/dist/shadcn-angular/server/chunk-F6WMWXA6.mjs:31:17587)
    at file:///var/www/frontend/tigayon/frontend/production/angular-shadcn/dist/shadcn-angular/server/chunk-FM7XMAOQ.mjs:8:616
unhandledRejection b [Error]: NG0205
    at mr (file:///var/www/frontend/tigayon/frontend/production/angular-shadcn/dist/shadcn-angular/server/chunk-F6WMWXA6.mjs:5:9170)
    at Jt.get (file:///var/www/frontend/tigayon/frontend/production/angular-shadcn/dist/shadcn-angular/server/chunk-F6WMWXA6.mjs:5:7036)
    at pu.get (file:///var/www/frontend/tigayon/frontend/production/angular-shadcn/dist/shadcn-angular/server/chunk-F6WMWXA6.mjs:31:6980)
    at eh (file:///var/www/frontend/tigayon/frontend/production/angular-shadcn/dist/shadcn-angular/server/chunk-F6WMWXA6.mjs:5:31345)
    at th (file:///var/www/frontend/tigayon/frontend/production/angular-shadcn/dist/shadcn-angular/server/chunk-F6WMWXA6.mjs:5:31549)
    at pn.get (file:///var/www/frontend/tigayon/frontend/production/angular-shadcn/dist/shadcn-angular/server/chunk-F6WMWXA6.mjs:5:33214)
    at Kg.createComponent (file:///var/www/frontend/tigayon/frontend/production/angular-shadcn/dist/shadcn-angular/server/chunk-F6WMWXA6.mjs:31:17587)
    at file:///var/www/frontend/tigayon/frontend/production/angular-shadcn/dist/shadcn-angular/server/chunk-FM7XMAOQ.mjs:8:616 {
  code: 205
}
You have triggered an unhandledRejection, you may have forgotten to catch a Promise rejection:
Error: NG0205
    at mr (file:///var/www/frontend/tigayon/frontend/production/angular-shadcn/dist/shadcn-angular/server/chunk-F6WMWXA6.mjs:5:9170)
    at Jt.get (file:///var/www/frontend/tigayon/frontend/production/angular-shadcn/dist/shadcn-angular/server/chunk-F6WMWXA6.mjs:5:7036)
    at pu.get (file:///var/www/frontend/tigayon/frontend/production/angular-shadcn/dist/shadcn-angular/server/chunk-F6WMWXA6.mjs:31:6980)
    at eh (file:///var/www/frontend/tigayon/frontend/production/angular-shadcn/dist/shadcn-angular/server/chunk-F6WMWXA6.mjs:5:31345)
    at th (file:///var/www/frontend/tigayon/frontend/production/angular-shadcn/dist/shadcn-angular/server/chunk-F6WMWXA6.mjs:5:31549)
    at pn.get (file:///var/www/frontend/tigayon/frontend/production/angular-shadcn/dist/shadcn-angular/server/chunk-F6WMWXA6.mjs:5:33214)
    at Kg.createComponent (file:///var/www/frontend/tigayon/frontend/production/angular-shadcn/dist/shadcn-angular/server/chunk-F6WMWXA6.mjs:31:17587)
    at file:///var/www/frontend/tigayon/frontend/production/angular-shadcn/dist/shadcn-angular/server/chunk-FM7XMAOQ.mjs:8:11930
unhandledRejection b [Error]: NG0205
    at mr (file:///var/www/frontend/tigayon/frontend/production/angular-shadcn/dist/shadcn-angular/server/chunk-F6WMWXA6.mjs:5:9170)
    at Jt.get (file:///var/www/frontend/tigayon/frontend/production/angular-shadcn/dist/shadcn-angular/server/chunk-F6WMWXA6.mjs:5:7036)
    at pu.get (file:///var/www/frontend/tigayon/frontend/production/angular-shadcn/dist/shadcn-angular/server/chunk-F6WMWXA6.mjs:31:6980)
    at eh (file:///var/www/frontend/tigayon/frontend/production/angular-shadcn/dist/shadcn-angular/server/chunk-F6WMWXA6.mjs:5:31345)
    at th (file:///var/www/frontend/tigayon/frontend/production/angular-shadcn/dist/shadcn-angular/server/chunk-F6WMWXA6.mjs:5:31549)
    at pn.get (file:///var/www/frontend/tigayon/frontend/production/angular-shadcn/dist/shadcn-angular/server/chunk-F6WMWXA6.mjs:5:33214)
    at Kg.createComponent (file:///var/www/frontend/tigayon/frontend/production/angular-shadcn/dist/shadcn-angular/server/chunk-F6WMWXA6.mjs:31:17587)
    at file:///var/www/frontend/tigayon/frontend/production/angular-shadcn/dist/shadcn-angular/server/chunk-FM7XMAOQ.mjs:8:11930 {
  code: 205
}
You have triggered an unhandledRejection, you may have forgotten to catch a Promise rejection:
Error: NG0205
    at mr (file:///var/www/frontend/tigayon/frontend/production/angular-shadcn/dist/shadcn-angular/server/chunk-F6WMWXA6.mjs:5:9170)
    at Jt.get (file:///var/www/frontend/tigayon/frontend/production/angular-shadcn/dist/shadcn-angular/server/chunk-F6WMWXA6.mjs:5:7036)
    at pu.get (file:///var/www/frontend/tigayon/frontend/production/angular-shadcn/dist/shadcn-angular/server/chunk-F6WMWXA6.mjs:31:6980)
    at eh (file:///var/www/frontend/tigayon/frontend/production/angular-shadcn/dist/shadcn-angular/server/chunk-F6WMWXA6.mjs:5:31345)
    at th (file:///var/www/frontend/tigayon/frontend/production/angular-shadcn/dist/shadcn-angular/server/chunk-F6WMWXA6.mjs:5:31549)
    at pn.get (file:///var/www/frontend/tigayon/frontend/production/angular-shadcn/dist/shadcn-angular/server/chunk-F6WMWXA6.mjs:5:33214)
    at Kg.createComponent (file:///var/www/frontend/tigayon/frontend/production/angular-shadcn/dist/shadcn-angular/server/chunk-F6WMWXA6.mjs:31:17587)
    at file:///var/www/frontend/tigayon/frontend/production/angular-shadcn/dist/shadcn-angular/server/chunk-FM7XMAOQ.mjs:8:11930
unhandledRejection b [Error]: NG0205
    at mr (file:///var/www/frontend/tigayon/frontend/production/angular-shadcn/dist/shadcn-angular/server/chunk-F6WMWXA6.mjs:5:9170)
    at Jt.get (file:///var/www/frontend/tigayon/frontend/production/angular-shadcn/dist/shadcn-angular/server/chunk-F6WMWXA6.mjs:5:7036)
    at pu.get (file:///var/www/frontend/tigayon/frontend/production/angular-shadcn/dist/shadcn-angular/server/chunk-F6WMWXA6.mjs:31:6980)
    at eh (file:///var/www/frontend/tigayon/frontend/production/angular-shadcn/dist/shadcn-angular/server/chunk-F6WMWXA6.mjs:5:31345)
    at th (file:///var/www/frontend/tigayon/frontend/production/angular-shadcn/dist/shadcn-angular/server/chunk-F6WMWXA6.mjs:5:31549)
    at pn.get (file:///var/www/frontend/tigayon/frontend/production/angular-shadcn/dist/shadcn-angular/server/chunk-F6WMWXA6.mjs:5:33214)
    at Kg.createComponent (file:///var/www/frontend/tigayon/frontend/production/angular-shadcn/dist/shadcn-angular/server/chunk-F6WMWXA6.mjs:31:17587)
    at file:///var/www/frontend/tigayon/frontend/production/angular-shadcn/dist/shadcn-angular/server/chunk-FM7XMAOQ.mjs:8:11930 {
  code: 205
}
You have triggered an unhandledRejection, you may have forgotten to catch a Promise rejection:
Error: NG0205
    at mr (file:///var/www/frontend/tigayon/frontend/production/angular-shadcn/dist/shadcn-angular/server/chunk-F6WMWXA6.mjs:5:9170)
    at Jt.get (file:///var/www/frontend/tigayon/frontend/production/angular-shadcn/dist/shadcn-angular/server/chunk-F6WMWXA6.mjs:5:7036)
    at pu.get (file:///var/www/frontend/tigayon/frontend/production/angular-shadcn/dist/shadcn-angular/server/chunk-F6WMWXA6.mjs:31:6980)
    at eh (file:///var/www/frontend/tigayon/frontend/production/angular-shadcn/dist/shadcn-angular/server/chunk-F6WMWXA6.mjs:5:31345)
    at th (file:///var/www/frontend/tigayon/frontend/production/angular-shadcn/dist/shadcn-angular/server/chunk-F6WMWXA6.mjs:5:31549)
    at pn.get (file:///var/www/frontend/tigayon/frontend/production/angular-shadcn/dist/shadcn-angular/server/chunk-F6WMWXA6.mjs:5:33214)
    at Kg.createComponent (file:///var/www/frontend/tigayon/frontend/production/angular-shadcn/dist/shadcn-angular/server/chunk-F6WMWXA6.mjs:31:17587)
    at file:///var/www/frontend/tigayon/frontend/production/angular-shadcn/dist/shadcn-angular/server/chunk-FM7XMAOQ.mjs:8:11930
unhandledRejection b [Error]: NG0205
    at mr (file:///var/www/frontend/tigayon/frontend/production/angular-shadcn/dist/shadcn-angular/server/chunk-F6WMWXA6.mjs:5:9170)
    at Jt.get (file:///var/www/frontend/tigayon/frontend/production/angular-shadcn/dist/shadcn-angular/server/chunk-F6WMWXA6.mjs:5:7036)
    at pu.get (file:///var/www/frontend/tigayon/frontend/production/angular-shadcn/dist/shadcn-angular/server/chunk-F6WMWXA6.mjs:31:6980)
    at eh (file:///var/www/frontend/tigayon/frontend/production/angular-shadcn/dist/shadcn-angular/server/chunk-F6WMWXA6.mjs:5:31345)
    at th (file:///var/www/frontend/tigayon/frontend/production/angular-shadcn/dist/shadcn-angular/server/chunk-F6WMWXA6.mjs:5:31549)
    at pn.get (file:///var/www/frontend/tigayon/frontend/production/angular-shadcn/dist/shadcn-angular/server/chunk-F6WMWXA6.mjs:5:33214)
    at Kg.createComponent (file:///var/www/frontend/tigayon/frontend/production/angular-shadcn/dist/shadcn-angular/server/chunk-F6WMWXA6.mjs:31:17587)
    at file:///var/www/frontend/tigayon/frontend/production/angular-shadcn/dist/shadcn-angular/server/chunk-FM7XMAOQ.mjs:8:11930 {
  code: 205
}
You have triggered an unhandledRejection, you may have forgotten to catch a Promise rejection:
Error: NG0205
    at mr (file:///var/www/frontend/tigayon/frontend/production/angular-shadcn/dist/shadcn-angular/server/chunk-F6WMWXA6.mjs:5:9170)
    at Jt.get (file:///var/www/frontend/tigayon/frontend/production/angular-shadcn/dist/shadcn-angular/server/chunk-F6WMWXA6.mjs:5:7036)
    at pu.get (file:///var/www/frontend/tigayon/frontend/production/angular-shadcn/dist/shadcn-angular/server/chunk-F6WMWXA6.mjs:31:6980)
    at eh (file:///var/www/frontend/tigayon/frontend/production/angular-shadcn/dist/shadcn-angular/server/chunk-F6WMWXA6.mjs:5:31345)
    at th (file:///var/www/frontend/tigayon/frontend/production/angular-shadcn/dist/shadcn-angular/server/chunk-F6WMWXA6.mjs:5:31549)
    at pn.get (file:///var/www/frontend/tigayon/frontend/production/angular-shadcn/dist/shadcn-angular/server/chunk-F6WMWXA6.mjs:5:33214)
    at Kg.createComponent (file:///var/www/frontend/tigayon/frontend/production/angular-shadcn/dist/shadcn-angular/server/chunk-F6WMWXA6.mjs:31:17587)
    at file:///var/www/frontend/tigayon/frontend/production/angular-shadcn/dist/shadcn-angular/server/chunk-FM7XMAOQ.mjs:8:616
unhandledRejection b [Error]: NG0205
    at mr (file:///var/www/frontend/tigayon/frontend/production/angular-shadcn/dist/shadcn-angular/server/chunk-F6WMWXA6.mjs:5:9170)
    at Jt.get (file:///var/www/frontend/tigayon/frontend/production/angular-shadcn/dist/shadcn-angular/server/chunk-F6WMWXA6.mjs:5:7036)
    at pu.get (file:///var/www/frontend/tigayon/frontend/production/angular-shadcn/dist/shadcn-angular/server/chunk-F6WMWXA6.mjs:31:6980)
    at eh (file:///var/www/frontend/tigayon/frontend/production/angular-shadcn/dist/shadcn-angular/server/chunk-F6WMWXA6.mjs:5:31345)
    at th (file:///var/www/frontend/tigayon/frontend/production/angular-shadcn/dist/shadcn-angular/server/chunk-F6WMWXA6.mjs:5:31549)
    at pn.get (file:///var/www/frontend/tigayon/frontend/production/angular-shadcn/dist/shadcn-angular/server/chunk-F6WMWXA6.mjs:5:33214)
    at Kg.createComponent (file:///var/www/frontend/tigayon/frontend/production/angular-shadcn/dist/shadcn-angular/server/chunk-F6WMWXA6.mjs:31:17587)
    at file:///var/www/frontend/tigayon/frontend/production/angular-shadcn/dist/shadcn-angular/server/chunk-FM7XMAOQ.mjs:8:616 {
  code: 205
}
You have triggered an unhandledRejection, you may have forgotten to catch a Promise rejection:
Error: NG0205
    at mr (file:///var/www/frontend/tigayon/frontend/production/angular-shadcn/dist/shadcn-angular/server/chunk-F6WMWXA6.mjs:5:9170)
    at Jt.get (file:///var/www/frontend/tigayon/frontend/production/angular-shadcn/dist/shadcn-angular/server/chunk-F6WMWXA6.mjs:5:7036)
    at pu.get (file:///var/www/frontend/tigayon/frontend/production/angular-shadcn/dist/shadcn-angular/server/chunk-F6WMWXA6.mjs:31:6980)
    at eh (file:///var/www/frontend/tigayon/frontend/production/angular-shadcn/dist/shadcn-angular/server/chunk-F6WMWXA6.mjs:5:31345)
    at th (file:///var/www/frontend/tigayon/frontend/production/angular-shadcn/dist/shadcn-angular/server/chunk-F6WMWXA6.mjs:5:31549)
    at pn.get (file:///var/www/frontend/tigayon/frontend/production/angular-shadcn/dist/shadcn-angular/server/chunk-F6WMWXA6.mjs:5:33214)
    at Kg.createComponent (file:///var/www/frontend/tigayon/frontend/production/angular-shadcn/dist/shadcn-angular/server/chunk-F6WMWXA6.mjs:31:17587)
    at file:///var/www/frontend/tigayon/frontend/production/angular-shadcn/dist/shadcn-angular/server/chunk-FM7XMAOQ.mjs:8:11930
unhandledRejection b [Error]: NG0205
    at mr (file:///var/www/frontend/tigayon/frontend/production/angular-shadcn/dist/shadcn-angular/server/chunk-F6WMWXA6.mjs:5:9170)
    at Jt.get (file:///var/www/frontend/tigayon/frontend/production/angular-shadcn/dist/shadcn-angular/server/chunk-F6WMWXA6.mjs:5:7036)
    at pu.get (file:///var/www/frontend/tigayon/frontend/production/angular-shadcn/dist/shadcn-angular/server/chunk-F6WMWXA6.mjs:31:6980)
    at eh (file:///var/www/frontend/tigayon/frontend/production/angular-shadcn/dist/shadcn-angular/server/chunk-F6WMWXA6.mjs:5:31345)
    at th (file:///var/www/frontend/tigayon/frontend/production/angular-shadcn/dist/shadcn-angular/server/chunk-F6WMWXA6.mjs:5:31549)
    at pn.get (file:///var/www/frontend/tigayon/frontend/production/angular-shadcn/dist/shadcn-angular/server/chunk-F6WMWXA6.mjs:5:33214)
    at Kg.createComponent (file:///var/www/frontend/tigayon/frontend/production/angular-shadcn/dist/shadcn-angular/server/chunk-F6WMWXA6.mjs:31:17587)
    at file:///var/www/frontend/tigayon/frontend/production/angular-shadcn/dist/shadcn-angular/server/chunk-FM7XMAOQ.mjs:8:11930 {
  code: 205
}
